---
source: tui/src/onboarding/welcome.rs
expression: visible.trim_end()
---


                                 ⣀⣤⣤⣶⣶⣶⣦⣤⣀
                              ⣀⣴⣾⣿⣿⣿⣿⣿⣿⣿⣿⣿⣿⣆⡀
                            ⢠⣴⣿⣿⣿⣿⣿⡿⠿⠿⠿⣿⣿⣿⣿⣿⣿⡀
                          ⢀⣴⣿⣿⣿⣿⡿⠋     ⠈⠙⣿⣿⣿⣿⣷
                         ⢠⣿⣿⣿⣿⡿⠋         ⢘⣿⣿⣿⣿
                        ⢀⣿⣿⣿⣿⠋           ⣸⣿⣿⣿⣿
                    ⢀⣠⣶⣾⣿⣿⣿⣿⣿⣿⣷⣦⣀       ⣠⣿⣿⣿⣿⡏
                  ⢀⣴⣿⣿⣿⣿⣿⣿⣿⣿⣿⣿⣿⣿⣿⣦⡀   ⢀⣴⣿⣿⣿⣿⠟
                ⢀⣴⣿⣿⣿⣿⡿⠋⠉⢿⣿⣿⣿⣬⠻⣿⣿⣿⣷ ⣠⣶⣿⣿⣿⣿⡿⠋
               ⣠⣿⣿⣿⣿⡿⠋   ⠈⢿⣿⣿⣿⣿⣿⣿⣿⣿⣿⣿⣿⣿⣿⡿⠋
              ⢰⣿⣿⣿⣿⠏       ⠙⠻⣿⣿⣿⣿⣿⣿⣿⣿⡿⠟⠋
              ⣿⣿⣿⣿⡏           ⣩⣿⣿⣿⣿⠏⠁
              ⣿⣿⣿⣿⣇         ⢀⣼⣿⣿⣿⣿⠏
              ⢹⣿⣿⣿⣿⣆      ⣠⣴⣿⣿⣿⣿⡿⠋
               ⢻⣿⣿⣿⣿⣿⣶⣤⣤⣶⣿⣿⣿⣿⣿⡿⠋
                ⠙⠻⢿⣿⣿⣿⣿⣿⣿⣿⣿⣿⠟⠋
                    ⠉⠉⠉⠹⠟⠛⠋⠁



  Welcome to UkisAI Code, UkisAI's coding agent, powered by Codex
